[www.ewedinvite.site/THIEPMAUHOASEN.html]
[backblue.gif]
[fade.gif]
[index.html]
[content.pancake.vn/1/s75x50/fwebp/12/18/c3/5f/46928cd6705520a982f6e46506c591412d8e12315addc7f1a7d43b69-w_966-h_644-l_67409-t_image/jpeg.jpg]
[api.webcake.io/animate/animatev43860.css]
[api.webcake.io/render_iconfont/iconfont3860.css]
[content.pancake.vn/1/s750x750/fwebp80/66/c7/70/c0/a71a287e500b590dd5220200f5704f99e8c93858e59e4194a150d402-w_1080-h_1080-l_123059-t_image/png.png]
[content.pancake.vn/1/s750x750/fwebp80/e6/e5/98/45/3d363081328b348420f93b9453a5d7ca593cecb7f516ee7c97ffb37e-w_1080-h_1080-l_298114-t_image/png.png]
[content.pancake.vn/1/s858x858/fwebp80/64/10/36/40/44403fc8b3024a471fc9125904bb7d3044dafd1f95e7e8d18445b4df-w_1080-h_1080-l_132945-t_image/png.png]
[content.pancake.vn/1/s775x775/fwebp80/69/2d/99/78/3543a72a79d4c21bb11d50786c2b04168d2d524ecf1edf3924b84d43-w_1080-h_1080-l_104822-t_image/png.png]
[content.pancake.vn/1/s750x750/fwebp80/88/93/30/a1/b1fc1fed0f6899fbfc26da881327a56cfcbe55e5c73038fc9d001b35-w_1080-h_1080-l_133664-t_image/png.png]
[content.pancake.vn/1/s750x750/fwebp80/01/95/e6/14/fe85ced86cc3a551448153736fa6b1121e3de3d7630135a3bd9ffd18-w_1080-h_1080-l_250697-t_image/png.png]
[content.pancake.vn/1/fwebp80/4c/9d/09/99/4cf6cc1d1b53ec564b128774c4cc3daf85072368998907d7857939e8-w_542-h_361-l_55582-t_image/png.png]
[content.pancake.vn/1/s549x549/fwebp80/95/b3/d8/c9/5cf655f4a7f14366eb7e86d0ec8b015c0ac89c61ca9d1b638b3b0172-w_1080-h_1080-l_610435-t_image/png.png]
[content.pancake.vn/1/s536x536/fwebp80/d5/df/69/fd/79d129f7010c1223a859eee34ac5e92d846411197b6fb1cfd2af6bbb-w_1080-h_1080-l_416334-t_image/png.png]
[content.pancake.vn/web-media/12/18/c3/5f/46928cd6705520a982f6e46506c591412d8e12315addc7f1a7d43b69-w_966-h_644-l_67409-t_image/jpeg.jpg]
[content.pancake.vn/web-media/a0/f8/a6/4f/94cc6154da9818df09077753959de47054802f403ee687189cda6b00-w_966-h_1449-l_346091-t_image/jpeg.jpg]
[content.pancake.vn/1/s780x1688/fwebp80/11/83/93/27/c91fcbd3c11d401bafafc82e0178e671af2f59f3167097643b9baf99-w_1284-h_2778-l_390596-t_image/jpeg.jpg]
[content.pancake.vn/1/02/d4/a7/88/fef5132f979892c1778a688f2039942fc24b396b332750179775f87e-w_200-h_200-l_8183-t_image/png.png]
[content.pancake.vn/1/31/08/c9/52/c9f574ca2fa8481e1c8c657100583ddfbf47e33427d480a7dc32e788-w_200-h_200-l_242141-t_image/gif.gif]
[www.ewedinvite.site/info.html]
[www.ewedinvite.site/webcake/v4/379d2b3d-2e8b-41e0-a9be-d4c83c7bc08e]
[www.ewedinvite.site/page_view9738.gif]
[a.pancake.vn/js/fingerprint.js]
[www.ewedinvite.site/THIEPMAUHOASEN.html]
[api.webcake.io/animate/animatev43860.css]
[api.webcake.io/render_iconfont/iconfontbd18.woff2]
[api.webcake.io/render_iconfont/iconfontbd18.woff]
[api.webcake.io/render_iconfont/iconfontbd18.ttf]
[api.webcake.io/render_iconfont/iconfont3860.css]
[content.pancake.vn/1/s50x50/fwebp/44/2c/57/8e/d25a95bce65ad521c41fe753e65b561ca70be0cf88030dc5e0f11ce3-w_500-h_500-l_28532-t_image/jpeg.jpeg]
[content.pancake.vn/1/44/2c/57/8e/d25a95bce65ad521c41fe753e65b561ca70be0cf88030dc5e0f11ce3-w_500-h_500-l_28532-t_image/jpeg.jpg]
[www.ewedinvite.site/MAUTHIEP.html]
[content.pancake.vn/1/6a/be/e0/0a/d7335accb2128a23bbc4da24e5c40ae720a77b6258454fd24dc3d7c5-w_512-h_512-l_3489-t_image/png.png]
[content.pancake.vn/1/08/3f/7a/e9/be9a053a77ec7cdb461246a62779525962247b7146d4dcccce9c1cfb-w_512-h_512-l_29415-t_image/png.png]
[statics.pancake.vn/web-media-263/c2/06/22/e0/acd02e28a55c9baf329cb80137d0b176519322a7e3803610553c2e01-w_2400-h_4000-l_519191-t_image/png.png]
[content.pancake.vn/1/ad/0f/9c/91/a09103f7783bd07cea5b986767a62c58a16034d95ae5477119274f07-w_651-h_651-l_106828-t_image/jpeg.jpg]
[www.ewedinvite.site/webcake/v4/44aaf65e-9197-43b4-afb9-436f0a7f5515]
[www.ewedinvite.site/page_view99a9.gif]
[www.ewedinvite.site/info.html]
[content.pancake.vn/1/s96x50/fwebp/56/e2/61/de/c7971d830a63aab51dabc43a062536056f47c656cdb8799bca74bde3-w_2400-h_1260-l_146589-t_image/png.png]
[content.pancake.vn/web-media/44/2c/57/8e/d25a95bce65ad521c41fe753e65b561ca70be0cf88030dc5e0f11ce3-w_500-h_500-l_28532-t_image/jpeg.jpg]
[content.pancake.vn/1/s531x1150/fwebp80/7c/58/a4/24/b555fa435af847ac455b902a19c98bada5ca7f6cebce9945688691fe-w_887-h_1920-l_1125618-t_image/png.PNG]
[content.pancake.vn/1/s563x1001/fwebp80/a2/18/1f/f1/b57219fe0909872786134188b2301a5748b1a2f134d11ec03914fcaa-w_1080-h_1920-l_136587-t_image/png.png]
[content.pancake.vn/1/s531x1150/fwebp80/6a/0b/f1/e7/978d223180abd477d333e2f741fd5b4a4a5c4f2be353ccac764eee44-w_887-h_1920-l_1328801-t_image/png.PNG]
[content.pancake.vn/1/s531x1150/fwebp80/dc/48/3c/7a/9ff899d62fd429ea79ae2ce4047b179f4babb0c34ff1307ccd955e32-w_887-h_1920-l_1012927-t_image/png.PNG]
[content.pancake.vn/1/s531x1150/fwebp80/9a/eb/c5/d8/6abb73e65824ab66ad6f421731a35ceeab97f1e671538885d1289e45-w_887-h_1920-l_896156-t_image/png.PNG]
[content.pancake.vn/1/s531x1150/fwebp80/70/b6/03/ac/7e69ad25eb1d6fb5cfa3fe67f1fb7826143f6ab826f254553467b721-w_887-h_1920-l_724101-t_image/png.PNG]
[content.pancake.vn/1/s531x1150/fwebp80/9f/73/3a/32/71226e58a09ae83046ef3389e3692501cc4ac5d73aca4fb4fcdf53b2-w_887-h_1920-l_622328-t_image/png.PNG]
[content.pancake.vn/1/s531x1150/fwebp80/1a/cb/25/83/67bba7172ce4d7dea5f55dd0e8e8657c274aafc6617fd53f69cce46f-w_887-h_1920-l_595051-t_image/png.PNG]
[content.pancake.vn/1/s531x1150/fwebp80/0a/77/5b/51/2afeb23ccd026209c393adabacddd79a41aee21b412b7ce0cb37f157-w_887-h_1920-l_455252-t_image/png.PNG]
[content.pancake.vn/1/s531x1150/fwebp80/d2/a3/04/21/b6d8fa728c12e548c19b413042ffd98a9ea5597f34a2d976cec557bd-w_887-h_1920-l_1469559-t_image/png.PNG]
[content.pancake.vn/1/s531x1149/fwebp80/16/c6/d6/3f/24afbd6b81091a284cade712f72a76de642c6f752b701f8caea7f6a0-w_1284-h_2778-l_296196-t_image/jpeg.jpg]
[content.pancake.vn/1/s531x1150/fwebp80/4a/de/4b/f7/11a8a162780972b9feb5f89b610c8eaa0a2d37df866a997d734a4d74-w_887-h_1920-l_845237-t_image/png.PNG]
[content.pancake.vn/web-media-262/s531x1154/fwebp80/a1/6c/1e/39/9cdc0de951b6a6b9cc0595ad4096caa563371ce2da527cd67f3916c4-w_1320-h_2868-l_402276-t_image/jpeg.jpg]
[content.pancake.vn/1/s531x1150/fwebp80/ac/75/ec/20/319a7d764140e01e048310f73ebb1d8782d153896e0369b821a5ec1c-w_887-h_1920-l_1566335-t_image/png.PNG]
[content.pancake.vn/1/s531x1150/fwebp80/37/c5/0a/ae/0a22d78adbde6ec9098c0697672d875ee825ae66d93d03c8afca9ac0-w_887-h_1920-l_299333-t_image/png.PNG]
[content.pancake.vn/1/s531x1150/fwebp80/27/a0/5d/24/422fb614243b9477a99ca6feea9e8683f33a311f90908066b5ffa6ce-w_887-h_1920-l_1249310-t_image/png.PNG]
[content.pancake.vn/1/s531x1150/fwebp80/8b/b6/eb/84/d703488cd1463548fa7e646955bba507de1c725e4e61d3444c3f5567-w_887-h_1920-l_470530-t_image/png.PNG]
[content.pancake.vn/1/s531x1150/fwebp80/14/dd/16/7b/d0f73317e1922ec146e97181022e2b882b945796157107a818e5a5a1-w_887-h_1920-l_664190-t_image/png.PNG]
[content.pancake.vn/web-media-262/s587x923/fwebp80/7e/c6/9b/cc/6595c1293502c8f1fb190c4e1d2c69b08a6b0b00022688f5d7636d78-w_1080-h_1697-l_2723531-t_image/png.png]
[content.pancake.vn/web-media/08/3f/7a/e9/be9a053a77ec7cdb461246a62779525962247b7146d4dcccce9c1cfb-w_512-h_512-l_29415-t_image/png.png]
[www.ewedinvite.site/TuvaNhi0672.html]
[www.ewedinvite.site/THIEPMAUCOBAN.html]
[www.ewedinvite.site/THIEPMAUDOVANG.html]
[www.ewedinvite.site/MAUHOADOBE.html]
[www.ewedinvite.site/THIEPDOMOCNAU.html]
[www.ewedinvite.site/THIEPMAUXANHLA.html]
[www.ewedinvite.site/THIEPMAUDOTRANG.html]
[www.ewedinvite.site/THIEPMAUXANHDUONG.html]
[www.ewedinvite.site/THIEPMAUHONG.html]
[www.ewedinvite.site/THIEPMAUDO.html]
[www.ewedinvite.site/MAUBESUA.html]
[www.ewedinvite.site/THIEPMAUTRANGXANHDUONG.html]
[www.ewedinvite.site/DOTRAUCAU.html]
[www.ewedinvite.site/MAUVANGXANH.html]
[www.ewedinvite.site/MAUHOARUM.html]
[www.ewedinvite.site/THIEPMAUVANG.html]
[www.ewedinvite.site/THIEPMAUDOKHONGANH.html]
[www.ewedinvite.site/webcake/v4/97798b9b-549c-4622-93a3-9f4245417e4e]
[www.ewedinvite.site/page_view6f02.gif]
[www.ewedinvite.site/MAUTHIEP.html]
[www.ewedinvite.site/TuvaNhi.html]
[content.pancake.vn/1/s96x50/fwebp/06/92/cf/37/91602f3e90b650de349806f37b724ef20cbf59562bb96d335e1b9221-w_1200-h_630-l_898453-t_image/png.png]
[content.pancake.vn/1/s840x1600/fwebp/fd/42/7d/0c/1ca1e8525f99e3105eb930cd8ed684a64b07a0d9df7e0c725ca9779c-w_1260-h_2400-l_65030-t_image/png.png]
[content.pancake.vn/1/s487x487/fwebp/c9/7c/2a/c5/5ba36c13eb69d83d80e92d1a2eee50cfee36e987297533b6480719a7-w_500-h_500-l_12182-t_image/png.png]
[content.pancake.vn/1/s654x981/fwebp/ab/56/c3/d2/ae46af903d624877e4e71b00dc5ab4badaa10a8956d3c389ccbc73e9-w_1080-h_1620-l_151635-t_image/jpeg.jpeg]
[content.pancake.vn/1/s487x487/fwebp/b3/56/e9/68/af4129e31d91132cb5316f8ce714f78a520be70fd480db42ff8122ce-w_500-h_500-l_43453-t_image/png.png]
[content.pancake.vn/1/fwebp/f5/0c/65/6f/daee3dc9b5487eb190fd88220ef5e6249cfe15ee9b4b145c97a89ee1-w_500-h_500-l_50319-t_image/png.png]
[content.pancake.vn/1/s840x1600/fwebp/fb/1a/3d/db/5397c85e01e68520b6e686acfb8f4b71fc813f563e456d159b222a3c-w_1260-h_2400-l_1301050-t_image/png.png]
[content.pancake.vn/1/s840x1600/fwebp/0e/6c/18/fb/44e9347bb12368a07e646ad45939e6086fc1ce3b2b39c28663352c01-w_1260-h_2400-l_1296984-t_image/png.png]
[content.pancake.vn/1/s486x486/fwebp/5d/4d/ed/50/c176e3fd3e67b078488c02451f6a09af9fe9e929c4f113f5c162595e-w_500-h_500-l_22239-t_image/png.png]
[content.pancake.vn/1/s516x775/fwebp/3c/3b/ca/e1/e12ca0e6af675d653327f5a3b5d2c7c2385f71d26b8fee7604b45828-w_1706-h_2560-l_224512-t_image/jpeg.jpg]
[content.pancake.vn/1/s516x774/fwebp/6f/2b/71/1d/03a457a718b5bf78c5639d6de0521b7a19ec698dcd5737408a50bd16-w_1707-h_2560-l_275640-t_image/jpeg.jpg]
[content.pancake.vn/1/fwebp/80/ac/eb/cf/85e75c674913047eea133813069cf9dc6d9a1acadb58c454077c94c5-w_500-h_500-l_9074-t_image/png.png]
[content.pancake.vn/1/s775x775/fwebp/f9/98/70/54/59b84c281bf331dc5baccfb671f74826f2cc248fe6459e58d0fd17bc-w_1200-h_1200-l_51245-t_image/png.png]
[content.pancake.vn/1/s438x438/fwebp/59/9d/0d/23/829a2a25903e5b03a029f62911ad0300b2c875df84e143b3258f9633-w_3600-h_3600-l_165926-t_image/png.png]
[content.pancake.vn/web-media/e9/80/6a/05/fcf14d0545da0e656237816d3712c50d2792afda074a96abfd9bcec5-w_878-h_1280-l_99344-t_image/jpeg.jpg]
[content.pancake.vn/1/fwebp/cf/cf/28/5f/f9ca08165577556ed2df053b0962a0e8e670490844d7ad5e84fa48b2-w_1366-h_530-l_48754-t_image/png.png]
[content.pancake.vn/1/fwebp/e2/bc/35/38/dc2d9ddf74d997785eb0c802bd3237a50de1118e505f1e0a89ae4ec1-w_592-h_1280-l_497233-t_image/png.png]
[www.ewedinvite.site/webcake/v4/d0d3c28c-5840-4b88-9c5c-6c73c06eff0f]
[www.ewedinvite.site/page_viewff62.gif]
[www.ewedinvite.site/TuvaNhi0672.html]
[content.pancake.vn/1/s300x300/fwebp/12/18/c3/5f/46928cd6705520a982f6e46506c591412d8e12315addc7f1a7d43b69-w_966-h_644-l_67295-t_image/jpeg.jpg]
[content.pancake.vn/web-media/ba/c9/4b/24/84ae78afd952235a6810cde46e51ca2a384ff16ca11cc946f7b0dfc9-w_966-h_1449-l_129939-t_image/jpeg.jpg]
[content.pancake.vn/web-media/a0/f8/a6/4f/94cc6154da9818df09077753959de47054802f403ee687189cda6b00-w_966-h_1449-l_345983-t_image/jpeg.jpg]
[content.pancake.vn/1/59/9d/0d/23/829a2a25903e5b03a029f62911ad0300b2c875df84e143b3258f9633-w_3600-h_3600-l_165926-t_image/png.png]
[www.ewedinvite.site/webcake/v4/45ef5c1b-618c-4613-b777-438c5c78b5cd]
[www.ewedinvite.site/page_view5e03.gif]
[www.ewedinvite.site/THIEPMAUCOBAN.html]
[content.pancake.vn/1/s75x50/fwebp/80/ef/b5/09/6c1db6a25f68b4dca4e44de83c669091bc58a717a12864f63da21990-w_966-h_644-l_136924-t_image/jpeg.jpg]
[content.pancake.vn/web-media/20/d7/35/2f/60fb6fad5ea8b4be38fe82c410dc6f40edb8f75053900c916e56bfb4-w_966-h_1449-l_331987-t_image/jpeg.jpg]
[content.pancake.vn/1/s780x1688/fwebp/11/83/93/27/c91fcbd3c11d401bafafc82e0178e671af2f59f3167097643b9baf99-w_1284-h_2778-l_390596-t_image/jpeg.jpg]
[www.ewedinvite.site/webcake/v4/2d260d55-0d9f-47dd-ad21-262cba2e7782]
[www.ewedinvite.site/page_viewe4d4.gif]
[www.ewedinvite.site/THIEPMAUDOVANG.html]
[content.pancake.vn/1/s1200x650/d4/9e/5f/07/03b4978afe1b5f06cb5bfce627252451ad6c68cea27bccca5ae0f500-w_900-h_1125-l_166937-t_image/jpeg.jpg]
[content.pancake.vn/web-media/48/53/5d/e8/8360ef0daf228b537db79566ac2bfb8ff7d126e363d698bcaaf55ad8-w_100-h_100-l_4812-t_image/png.png]
[content.pancake.vn/1/s520x650/fwebp80/31/79/c6/e4/d56354e14efd98f183cc6eda204a34499d8b7872f014b41df290fd78-w_900-h_1125-l_111307-t_image/jpeg.jpg]
[content.pancake.vn/1/s489x489/fwebp80/68/00/1f/72/59dd385d3ef5958cb0fed576ba82ddd8bfa1c07818f908df341f3e36-w_2048-h_2048-l_777409-t_image/png.png]
[content.pancake.vn/web-media/c7/12/57/61/92ef7eb39524455b6f161050a47753e2f6a952b078a8c1dd4566eaf3-w_900-h_1125-l_100972-t_image/jpeg.jpg]
[content.pancake.vn/1/s802x1203/fwebp80/20/d7/35/2f/60fb6fad5ea8b4be38fe82c410dc6f40edb8f75053900c916e56bfb4-w_966-h_1449-l_332095-t_image/jpeg.jpg]
[content.pancake.vn/1/s666x1441/fwebp80/11/83/93/27/c91fcbd3c11d401bafafc82e0178e671af2f59f3167097643b9baf99-w_1284-h_2778-l_390596-t_image/jpeg.jpg]
[statics.pancake.vn/web-media/4c/c5/0e/6c/38716365678de36a6071d524e1cd0f429d4c383c9b3d11340d16789c-w_1313-h_2500-l_227421-t_image/png.png]
[statics.pancake.vn/web-media/e9/0e/29/03/100b7f04c9e7820e3a262415a4393eb91269799b360147f7825454f2-w_1313-h_2500-l_98178-t_image/png.png]
[statics.pancake.vn/web-media/08/eb/5f/d0/66ce48c0092311e5cb124cc94682ebe821dbde4f9e8b00643dac825d-w_1313-h_2500-l_132224-t_image/png.png]
[www.ewedinvite.site/page_viewfbd1.gif]
[www.ewedinvite.site/MAUHOADOBE.html]
[content.pancake.vn/1/s50x50/fwebp/7b/11/3e/32/c2ac693f0b52a782891c9eda3feafdcf4824a4eb591ffce6390c1d8f-w_966-h_1449-l_382852-t_image/jpeg.jpg]
[content.pancake.vn/web-media/1d/8e/aa/61/bbcf792d619ed12ba766e768fedad8ce41647e73b392783b22cde128-w_966-h_1449-l_192299-t_image/jpeg.jpg]
[content.pancake.vn/web-media/a5/0e/3e/60/bb2d89d502f6a9b3f139b585da7eb81243df0d30f91ed68237d72b8a-w_1242-h_1650-l_94026-t_image/jpeg.jpg]
[content.pancake.vn/web-media/68/f6/c9/2a/d2232636059e3a84124def4c0061d5efa5a88c4de2a7d962d8ce5d11-w_966-h_1449-l_71766-t_image/jpeg.jpg]
[www.ewedinvite.site/page_view1f24.gif]
[www.ewedinvite.site/THIEPDOMOCNAU.html]
[content.pancake.vn/1/s750x1051/fwebp/05/e8/a8/16/01929026352f538e92df0cf5acb55a927a088c800fcceec2f2ed400e-w_2857-h_4000-l_443402-t_image/png.png]
[content.pancake.vn/1/s750x1051/fwebp/7e/0e/ee/a0/c27d822a813538477d62a88d9e8b8589c4d236ff795f70c73cfc3b7e-w_2857-h_4000-l_498009-t_image/png.png]
[content.pancake.vn/1/fwebp/1f/94/22/d2/4b84947380d319a034d00e7f832c3382c2e560af38d2eb0c27f28233-w_313-h_313-l_4199-t_image/png.png]
[content.pancake.vn/web-media/ef/5a/ef/54/fcf62c073d1cb34889302c5482eef82d1b1d768034aa974d31810b83-w_966-h_1449-l_415595-t_image/jpeg.jpg]
[content.pancake.vn/web-media/ba/57/df/8e/d933c7d23e93af90f571fca4ff9c520a254dd97bc72129c5eb7409a3-w_966-h_1449-l_265863-t_image/jpeg.jpg]
[www.ewedinvite.site/webcake/v4/f8bd30f7-a2a6-430d-9167-4a3a9c9b4a47]
[www.ewedinvite.site/page_viewc62e.gif]
[www.ewedinvite.site/THIEPMAUXANHLA.html]
[content.pancake.vn/1/s75x50/fwebp/12/18/c3/5f/46928cd6705520a982f6e46506c591412d8e12315addc7f1a7d43b69-w_966-h_644-l_67295-t_image/jpeg.jpg]
[content.pancake.vn/1/s750x1050/fwebp/83/bf/ec/8c/773c7f08f555f31211f154f366ad6d216542348db720bd983c604278-w_1429-h_2000-l_151240-t_image/png.png]
[content.pancake.vn/1/s750x1050/fwebp/94/28/c5/c9/8f35889fe59086f483fadc616f93739670fcefb71cc0752947effffc-w_1429-h_2000-l_177289-t_image/png.png]
[content.pancake.vn/1/fwebp/e7/f3/2e/9f/c37b6aa27572f1e8e9a939833d77ebe2563ed46102b316d6b293453e-w_313-h_313-l_124683-t_image/png.png]
[content.pancake.vn/1/s481x481/fwebp/fc/e6/9f/73/869f8d1e41593a31be6fb63256122728f3320233548fdc919694c113-w_500-h_500-l_22615-t_image/png.png]
[content.pancake.vn/1/fwebp/01/01/53/a6/107b40fff2db3985e6374bad6eb40b8bb6dfa91f0baa5d82e0bad933-w_313-h_313-l_8578-t_image/png.png]
[content.pancake.vn/web-media/ba/57/df/8e/d933c7d23e93af90f571fca4ff9c520a254dd97bc72129c5eb7409a3-w_966-h_1449-l_265755-t_image/jpeg.jpg]
[content.pancake.vn/web-media/e5/ca/3c/7f/08995fad31e2cfe0b6a360df44b580b244475e850af09b71006251e2-w_966-h_1449-l_125549-t_image/jpeg.jpg]
[www.ewedinvite.site/page_viewbf6b.gif]
[www.ewedinvite.site/THIEPMAUDOTRANG.html]
[content.pancake.vn/1/fwebp/65/3c/aa/be/35e135afc2c6420bc52abd8fb3768c346420d9efa7b879cd959ee353-w_840-h_1600-l_459659-t_image/png.png]
[content.pancake.vn/web-media/20/d7/35/2f/60fb6fad5ea8b4be38fe82c410dc6f40edb8f75053900c916e56bfb4-w_966-h_1449-l_332098-t_image/jpeg.jpg]
[www.ewedinvite.site/webcake/v4/53a2ed65-4faf-4e6e-9e51-aca81aa36891]
[www.ewedinvite.site/page_view5d6f.gif]
[www.ewedinvite.site/THIEPMAUXANHDUONG.html]
[content.pancake.vn/1/s840x1600/fwebp/c2/20/8f/dd/630c812f4ba82e3308747b7d62781f5e3a37a09149b638cd8f99c18d-w_1260-h_2400-l_187076-t_image/png.png]
[content.pancake.vn/web-media/7f/6f/61/20/2b9e24ef51d59835b6c74e6218402757d78081a5f9bd66fa867b8964-w_966-h_1449-l_61481-t_image/jpeg.jpg]
[www.ewedinvite.site/webcake/v4/0802eb41-3953-4da4-a760-8e27082addb2]
[www.ewedinvite.site/page_view7f1f.gif]
[www.ewedinvite.site/THIEPMAUHONG.html]
[content.pancake.vn/web-media/e5/ca/3c/7f/08995fad31e2cfe0b6a360df44b580b244475e850af09b71006251e2-w_966-h_1449-l_125652-t_image/jpeg.jpg]
[www.ewedinvite.site/page_viewf282.gif]
[www.ewedinvite.site/THIEPMAUDO.html]
[content.pancake.vn/1/s750x1429/fwebp80/ed/2c/4a/d7/53da2faae6357ed581c02dcbe2331db1eadcdbdac5e59fa0aed552e8-w_840-h_1600-l_870534-t_image/png.png]
[content.pancake.vn/1/s526x789/fwebp80/52/42/0e/fa/8763c2ba5097c6489468be6ac32ba374974224d31d7b43389f3dd538-w_1024-h_1536-l_2136426-t_image/png.png]
[content.pancake.vn/web-media/7b/11/3e/32/c2ac693f0b52a782891c9eda3feafdcf4824a4eb591ffce6390c1d8f-w_966-h_1449-l_382852-t_image/jpeg.jpg]
[content.pancake.vn/web-media/89/44/e2/23/7d89cbd04bbf43e3f58dccb70820c6798aeb9817dbe0e7c8c6577fee-w_900-h_1125-l_290131-t_image/jpeg.jpg]
[content.pancake.vn/web-media/bf/bd/74/d1/12e5fe573cba95d32bc536066e948593c1e7e8d983e02b6b0da34f89-w_966-h_1449-l_117292-t_image/jpeg.jpg]
[www.ewedinvite.site/webcake/v4/7bfff8f7-cd35-4fd1-9d12-2f244af5512d]
[www.ewedinvite.site/page_view5d2e.gif]
[www.ewedinvite.site/MAUBESUA.html]
[content.pancake.vn/1/s50x50/fwebp/dd/9c/8c/a8/87a897b01d024f8789f8083f9e089b531c2718a9a15d53e8df35459e-w_966-h_1449-l_250805-t_image/jpeg.jpg]
[content.pancake.vn/1/fwebp/e3/71/91/76/90ff356f57064767f569782cf3a25c84adc5848835775a630b1731f1-w_420-h_800-l_35713-t_image/png.png]
[content.pancake.vn/1/fwebp/77/37/b0/4d/cd75d3033860a1aca6d19ee1ab0295b912abd5c26187592ef6fe651a-w_210-h_400-l_14460-t_image/png.png]
[content.pancake.vn/1/fwebp/9b/76/fc/5a/0051f4c3f0672a2194b47a1b5b057e18a79872d380e050a9cf4c6c6f-w_210-h_400-l_38187-t_image/png.png]
[content.pancake.vn/web-media/d1/76/91/a7/abb1d9f4b27c15a50ecf8b88b4f049ac12a66f34184fde1dc9efa642-w_966-h_1449-l_145956-t_image/jpeg.jpg]
[www.ewedinvite.site/page_viewc91c.gif]
[www.ewedinvite.site/THIEPMAUTRANGXANHDUONG.html]
[content.pancake.vn/1/s96x50/fwebp/bf/0f/74/03/0d3c71962097b0b872b18f9dbb6d89c99ed317243e92c5d7cb61a850-w_1200-h_630-l_358854-t_image/png.png]
[content.pancake.vn/web-media-262/b9/bc/59/2e/c9e0298a4ea419fd598268d405ed2208c2141ff2c17e7eea51d02996-w_420-h_800-l_21683-t_image/png.png]
[content.pancake.vn/web-media-262/7a/f8/bd/17/894fa73ae84e32ffba96a890dcdbb406dd0e1982291273efe4585ea7-w_420-h_800-l_266407-t_image/png.png]
[content.pancake.vn/web-media-262/s1160x929/fwebp90/14/f8/cc/aa/8bda838c19d543b5be4c3efd614ae1c5095e678637cc8d09b19e739a-w_1402-h_1122-l_550569-t_image/png.png]
[content.pancake.vn/web-media-262/fwebp80/e4/a1/22/87/b13b2d44c0f18245848158a1a1db2d4ca2cf590134850018fc7018b9-w_592-h_1280-l_561458-t_image/png.png]
[www.ewedinvite.site/Sriracha-Regular.html]
[www.ewedinvite.site/webcake/v4/b8bac2aa-d6b8-4035-bdb5-7578a26822d4]
[www.ewedinvite.site/page_viewe349.gif]
[www.ewedinvite.site/DOTRAUCAU.html]
[content.pancake.vn/1/s550x550/fwebp80/18/32/d2/e7/26867a7bf1b1d6bcca68a6c056bf09dfe5cd1b1aebd6f05fb979fdba-w_1200-h_1200-l_76049-t_image/png.png]
[content.pancake.vn/web-media/bc/a4/a8/60/dfaac0f3b3e5194db0bf7be8f297674d603a26bc452bf9b9ca6b4d51-w_1200-h_1200-l_20287-t_image/png.png]
[content.pancake.vn/1/s538x538/fwebp80/40/2d/8a/dc/0adafde255242deb1aef81e78218a486d9d04c33f18a9602804f402c-w_1200-h_1200-l_98145-t_image/png.png]
[content.pancake.vn/web-media/12/80/bb/45/f8b9f29709ab8c5701d93549b7933e6eaf4982b729b600a909b4b483-w_1200-h_1200-l_23469-t_image/png.png]
[www.ewedinvite.site/page_viewb328.gif]
[www.ewedinvite.site/MAUVANGXANH.html]
[content.pancake.vn/1/s804x804/fwebp80/6e/74/62/20/48d19075aceb96eb5062233ce5c5c6d272bd2faaed5bb653694cb097-w_1200-h_1200-l_336278-t_image/png.png]
[content.pancake.vn/1/s611x611/fwebp80/1b/bd/20/5a/47bd8d1f9659b5904373225091dd596f2f1bb19135a0d7d0015dc5a0-w_1200-h_1200-l_335992-t_image/png.png]
[content.pancake.vn/web-media/f5/9d/6e/68/68bd732f71085eb122df4674357e52a44ce50cdefc9018e1bfebbf2a-w_200-h_200-l_5929-t_image/png.png]
[content.pancake.vn/web-media/e5/ca/3c/7f/08995fad31e2cfe0b6a360df44b580b244475e850af09b71006251e2-w_966-h_1449-l_125658-t_image/jpeg.jpg]
[www.ewedinvite.site/page_view0d0a.gif]
[www.ewedinvite.site/MAUHOARUM.html]
[content.pancake.vn/1/fwebp80/ba/7b/8d/d3/c8e722363da7e4ceeef2e57ed0c3e4f4b2cf92d4a6b68e1bcec70469-w_420-h_800-l_506659-t_image/png.png]
[content.pancake.vn/web-media/89/e3/18/e7/1ef74cbe0b2d4b65c8ab1c7c24a8a82903417a7c8baba06edac82ed0-w_1008-h_1920-l_35791-t_image/png.png]
[www.ewedinvite.site/page_view852a.gif]
[www.ewedinvite.site/THIEPMAUVANG.html]
[content.pancake.vn/web-media/fc/e6/9f/73/869f8d1e41593a31be6fb63256122728f3320233548fdc919694c113-w_500-h_500-l_22615-t_image/png.png]
[content.pancake.vn/1/be/ad/61/25/69ccff4bf9c533a8297ad940b8f871b8bc7057593d2ec6f7d9c9066b.png]
[content.pancake.vn/web-media/cf/cf/28/5f/f9ca08165577556ed2df053b0962a0e8e670490844d7ad5e84fa48b2-w_1366-h_530-l_48754-t_image/png.png]
[www.ewedinvite.site/page_viewfae4.gif]
[www.ewedinvite.site/THIEPMAUDOKHONGANH.html]
[www.ewedinvite.site/TuvaNhi.html]
[www.ewedinvite.site/404.html]
[content.pancake.vn/1/s96x50/fwebp/29/61/33/9b/1f7bd826f37dc5ea8e768ad63c59f17d371b8fd6ccebe48e25c13703-w_3750-h_1969-l_241218-t_image/png.png]
[www.ewedinvite.site/webcake/v4/01cb0d69-c20e-41fe-9592-46f6c6700b76]
[www.ewedinvite.site/page_view848c.gif]
[www.ewedinvite.site/Sriracha-Regular.html]
[www.ewedinvite.site/404.html]
